{
    "level": "panic",
    "msg": "",
    "req": {
        "pod": {
            "apiVersion": "v1",
            "kind": "Pod",
            "metadata": {
                "annotations": {
                    "cluster-autoscaler.kubernetes.io/safe-to-evict": "false",
                    "cni.projectcalico.org/containerID": "c6bb9bc72bd5f7dbe0b660546bdf8b95d6a7d44fd8d7f16a30085cd89c7c992a",
                    "cni.projectcalico.org/podIP": "",
                    "cni.projectcalico.org/podIPs": "",
                    "container.apparmor.security.beta.kubernetes.io/workspace": "unconfined",
                    "gitpod.io/nodeName": "workspace-ws-us58-pool-qx7j",
                    "gitpod/admission": "admit_owner_only",
                    "gitpod/closed": "true",
                    "gitpod/contentInitializer": "OgYKBGRkb3M=",
                    "gitpod/customTimeout": "30m",
                    "gitpod/exposedPorts": "Cj0IuBciOGh0dHBzOi8vMzAwMC1naWFhMDUwMi1kZG9zLWtkMjdsOWo0aTNjLndzLXVzNTguZ2l0cG9kLmlv",
                    "gitpod/firstUserActivity": "2022-08-01T04:17:11.737174363Z",
                    "gitpod/id": "75ca49e0-c4e6-4eb0-896f-aec069880f93",
                    "gitpod/imageSpec": "CmZldS5nY3IuaW8vZ2l0cG9kLWRldi93b3Jrc3BhY2UtaW1hZ2VzOjE0ZmU4ZDhlY2VkODA0ZjdhYjY0ZmZmNzY1YmQ5Yjk4ZDdjMjdmYzQ4NWU1MmNmNTBkMTFiNzNhMWRhZjQ5ZTkSWGV1Lmdjci5pby9naXRwb2QtY29yZS1kZXYvYnVpbGQvaWRlL2NvZGU6Y29tbWl0LTA3OWYxNjFmMGFhZjk1ZDZiNWUyOGYwNzA5YjNlNjI5MzM3MjkxZTkqWmV1Lmdjci5pby9naXRwb2QtY29yZS1kZXYvYnVpbGQvc3VwZXJ2aXNvcjpjb21taXQtMmUyYTNkNTM1NzMyZWZkOGMzODg2ODgxMGI3M2U1ZmRlMzIzOTAwMg==",
                    "gitpod/servicePrefix": "giaa0502-ddos-kd27l9j4i3c",
                    "gitpod/url": "https://giaa0502-ddos-kd27l9j4i3c.ws-us58.gitpod.io",
                    "kubernetes.io/egress-bandwidth": "300M",
                    "kubernetes.io/ingress-bandwidth": "300M"
                },
                "creationTimestamp": "2022-08-01T04:17:08Z",
                "finalizers": [
                    "gitpod.io/finalizer"
                ],
                "labels": {
                    "app": "gitpod",
                    "component": "workspace",
                    "gitpod.io/networkpolicy": "default",
                    "gitpod.io/workspaceClass": "default",
                    "gpwsman": "true",
                    "headless": "false",
                    "metaID": "giaa0502-ddos-kd27l9j4i3c",
                    "owner": "32a9048a-6037-4571-a96f-f640fc949bd0",
                    "project": "",
                    "team": "",
                    "workspaceID": "75ca49e0-c4e6-4eb0-896f-aec069880f93",
                    "workspaceType": "regular"
                },
                "name": "ws-75ca49e0-c4e6-4eb0-896f-aec069880f93",
                "namespace": "default",
                "resourceVersion": "1651035",
                "uid": "9e95876a-9139-4e92-b471-eeadcf3948cf"
            },
            "spec": {
                "affinity": {
                    "nodeAffinity": {
                        "requiredDuringSchedulingIgnoredDuringExecution": {
                            "nodeSelectorTerms": [
                                {
                                    "matchExpressions": [
                                        {
                                            "key": "gitpod.io/workload_workspace_regular",
                                            "operator": "Exists"
                                        },
                                        {
                                            "key": "gitpod.io/ws-daemon_ready_ns_default",
                                            "operator": "Exists"
                                        },
                                        {
                                            "key": "gitpod.io/registry-facade_ready_ns_default",
                                            "operator": "Exists"
                                        },
                                        {
                                            "key": "gitpod.io/workspace-class",
                                            "operator": "In",
                                            "values": [
                                                "default"
                                            ]
                                        }
                                    ]
                                }
                            ]
                        }
                    }
                },
                "automountServiceAccountToken": false,
                "containers": [
                    {
                        "command": [
                            "/.supervisor/workspacekit",
                            "ring0"
                        ],
                        "env": [],
                        "image": "reg.ws-us58.gitpod.io:20000/remote/75ca49e0-c4e6-4eb0-896f-aec069880f93",
                        "imagePullPolicy": "IfNotPresent",
                        "name": "workspace",
                        "ports": [
                            {
                                "containerPort": 23000,
                                "protocol": "TCP"
                            },
                            {
                                "containerPort": 22999,
                                "name": "supervisor",
                                "protocol": "TCP"
                            }
                        ],
                        "readinessProbe": {
                            "failureThreshold": 600,
                            "httpGet": {
                                "path": "/_supervisor/v1/status/content/wait/true",
                                "port": 22999,
                                "scheme": "HTTP"
                            },
                            "initialDelaySeconds": 2,
                            "periodSeconds": 1,
                            "successThreshold": 1,
                            "timeoutSeconds": 1
                        },
                        "resources": {
                            "limits": {
                                "cpu": "6",
                                "ephemeral-storage": "10Gi",
                                "memory": "12Gi"
                            },
                            "requests": {
                                "cpu": "1m",
                                "ephemeral-storage": "5Gi",
                                "memory": "3435973836800m"
                            }
                        },
                        "securityContext": {
                            "allowPrivilegeEscalation": true,
                            "capabilities": {
                                "add": [
                                    "AUDIT_WRITE",
                                    "FSETID",
                                    "KILL",
                                    "NET_BIND_SERVICE",
                                    "SYS_PTRACE"
                                ],
                                "drop": [
                                    "SETPCAP",
                                    "CHOWN",
                                    "NET_RAW",
                                    "DAC_OVERRIDE",
                                    "FOWNER",
                                    "SYS_CHROOT",
                                    "SETFCAP",
                                    "SETUID",
                                    "SETGID"
                                ]
                            },
                            "privileged": false,
                            "readOnlyRootFilesystem": false,
                            "runAsGroup": 33333,
                            "runAsNonRoot": true,
                            "runAsUser": 33333
                        },
                        "terminationMessagePath": "/dev/termination-log",
                        "terminationMessagePolicy": "File",
                        "volumeMounts": [
                            {
                                "mountPath": "/workspace",
                                "mountPropagation": "HostToContainer",
                                "name": "vol-this-workspace"
                            },
                            {
                                "mountPath": "/.workspace",
                                "mountPropagation": "HostToContainer",
                                "name": "daemon-mount"
                            }
                        ]
                    }
                ],
                "dnsConfig": {
                    "nameservers": [
                        "1.1.1.1",
                        "8.8.8.8"
                    ]
                },
                "dnsPolicy": "None",
                "enableServiceLinks": false,
                "hostname": "giaa0502-ddos-kd27l9j4i3c",
                "imagePullSecrets": [
                    {
                        "name": "workspace-registry-pull-secret"
                    }
                ],
                "nodeName": "workspace-ws-us58-pool-qx7j",
                "preemptionPolicy": "PreemptLowerPriority",
                "priority": 0,
                "restartPolicy": "Never",
                "schedulerName": "kumquat",
                "securityContext": {
                    "seccompProfile": {
                        "localhostProfile": "workspace_default_main.4085.json",
                        "type": "Localhost"
                    }
                },
                "serviceAccount": "workspace",
                "serviceAccountName": "workspace",
                "terminationGracePeriodSeconds": 30,
                "tolerations": [
                    {
                        "effect": "NoExecute",
                        "key": "node.kubernetes.io/disk-pressure",
                        "operator": "Exists"
                    },
                    {
                        "effect": "NoExecute",
                        "key": "node.kubernetes.io/memory-pressure",
                        "operator": "Exists"
                    },
                    {
                        "effect": "NoExecute",
                        "key": "node.kubernetes.io/network-unavailable",
                        "operator": "Exists",
                        "tolerationSeconds": 30
                    },
                    {
                        "effect": "NoExecute",
                        "key": "node.kubernetes.io/not-ready",
                        "operator": "Exists",
                        "tolerationSeconds": 300
                    },
                    {
                        "effect": "NoExecute",
                        "key": "node.kubernetes.io/unreachable",
                        "operator": "Exists",
                        "tolerationSeconds": 300
                    }
                ],
                "volumes": [
                    {
                        "hostPath": {
                            "path": "/var/gitpod/workspaces/75ca49e0-c4e6-4eb0-896f-aec069880f93",
                            "type": "DirectoryOrCreate"
                        },
                        "name": "vol-this-workspace"
                    },
                    {
                        "hostPath": {
                            "path": "/var/gitpod/workspaces/75ca49e0-c4e6-4eb0-896f-aec069880f93-daemon",
                            "type": "DirectoryOrCreate"
                        },
                        "name": "daemon-mount"
                    }
                ]
            },
            "status": {
                "conditions": [
                    {
                        "lastProbeTime": null,
                        "lastTransitionTime": "2022-08-01T04:17:08Z",
                        "reason": "PodCompleted",
                        "status": "True",
                        "type": "Initialized"
                    },
                    {
                        "lastProbeTime": null,
                        "lastTransitionTime": "2022-08-01T04:18:21Z",
                        "reason": "PodCompleted",
                        "status": "False",
                        "type": "Ready"
                    },
                    {
                        "lastProbeTime": null,
                        "lastTransitionTime": "2022-08-01T04:18:21Z",
                        "reason": "PodCompleted",
                        "status": "False",
                        "type": "ContainersReady"
                    },
                    {
                        "lastProbeTime": null,
                        "lastTransitionTime": "2022-08-01T04:17:08Z",
                        "status": "True",
                        "type": "PodScheduled"
                    }
                ],
                "containerStatuses": [
                    {
                        "containerID": "containerd://c349384bfa9df8b5d706d93fcfd340e12411eab50e6db0b598d8bf9d5ba30ab1",
                        "image": "reg.ws-us58.gitpod.io:20000/remote/003195f9-a7b0-4962-b807-c1b96fc6f4ce:latest",
                        "imageID": "reg.ws-us58.gitpod.io:20000/remote/003195f9-a7b0-4962-b807-c1b96fc6f4ce@sha256:dde241249a8a20ebb97d9694ac8a1962d4991efe49cb40a9287299ec490ea90c",
                        "lastState": {},
                        "name": "workspace",
                        "ready": false,
                        "restartCount": 0,
                        "started": false,
                        "state": {
                            "terminated": {
                                "containerID": "containerd://c349384bfa9df8b5d706d93fcfd340e12411eab50e6db0b598d8bf9d5ba30ab1",
                                "exitCode": 0,
                                "finishedAt": "2022-08-01T04:18:20Z",
                                "reason": "Completed",
                                "startedAt": "2022-08-01T04:17:09Z"
                            }
                        }
                    }
                ],
                "hostIP": "10.10.0.9",
                "phase": "Succeeded",
                "podIP": "10.20.45.185",
                "podIPs": [
                    {
                        "ip": "10.20.45.185"
                    }
                ],
                "qosClass": "Burstable",
                "startTime": "2022-08-01T04:17:08Z"
            }
        },
        "wso": {
            "pod": {
                "metadata": {
                    "annotations": {
                        "gitpod/contentInitializer": "[redacted]"
                    }
                }
            }
        }
    },
    "time": "0001-01-01T00:00:00Z"
}