{
    "level": "panic",
    "msg": "",
    "req": {
        "$schema": "./cdwp-schema.json",
        "request": {
            "id": "foobar",
            "metadata": {
                "metaId": "foobar",
                "owner": "tester"
            },
            "service_prefix": "foobarservice",
            "spec": {
                "checkout_location": "/",
                "envvars": [],
                "git": {
                    "email": "[REDACTED]",
                    "username": "usernameGoesHere"
                },
                "ideImage": {
                    "webRef": "eu.gcr.io/gitpod-core-dev/buid/theia-ide:someversion"
                },
                "initializer": {
                    "snapshot": {
                        "snapshot": "workspaces/cryptic-id-goes-herg/fd62804b-4cab-11e9-843a-4e645373048e.tar@gitpod-dev-user-christesting"
                    }
                },
                "ports": [
                    {
                        "port": 8080
                    }
                ],
                "workspace_image": "eu.gcr.io/gitpod-dev/workspace-images/ac1c0755007966e4d6e090ea821729ac747d22ac/eu.gcr.io/gitpod-dev/workspace-base-images/github.com/typefox/gitpod:80a7d427a1fcd346d420603d80a31d57cf75a7af",
                "workspace_location": "/"
            },
            "type": 200
        }
    },
    "time": "0001-01-01T00:00:00Z"
}